2026-01-01 21:39:40,089 IRRA.eval INFO: Zero-shot eval: backbone=t5gemma2 model=T5_270M_Base dataset=CUHK-PEDES split=val
2026-01-01 21:46:18,500 IRRA.eval INFO: Zero-shot eval: backbone=t5gemma2 model=T5_270M_Base dataset=CUHK-PEDES split=val
2026-01-01 21:52:52,708 IRRA.eval INFO: 
+------+-------+-------+-------+-------+-------+
| task |   R1  |   R5  |  R10  |  mAP  |  mINP |
+------+-------+-------+-------+-------+-------+
| t2i  | 0.292 | 1.023 | 2.030 | 0.642 | 0.289 |
+------+-------+-------+-------+-------+-------+
2026-01-01 22:01:22,871 IRRA.eval INFO: Zero-shot eval: backbone=t5gemma2 model=T5_270M_Base dataset=CUHK-PEDES split=val
2026-01-01 22:05:48,791 IRRA.eval INFO: 
+------+-------+-------+-------+-------+-------+
| task |   R1  |   R5  |  R10  |  mAP  |  mINP |
+------+-------+-------+-------+-------+-------+
| t2i  | 0.309 | 1.039 | 2.127 | 0.644 | 0.296 |
+------+-------+-------+-------+-------+-------+
2026-01-01 22:07:22,365 IRRA.eval INFO: Zero-shot eval: backbone=t5gemma2 model=T5_270M_Base dataset=CUHK-PEDES split=val
2026-01-01 22:11:44,109 IRRA.eval INFO: 
+------+-------+-------+-------+-------+-------+
| task |   R1  |   R5  |  R10  |  mAP  |  mINP |
+------+-------+-------+-------+-------+-------+
| t2i  | 0.260 | 1.007 | 2.014 | 0.630 | 0.286 |
+------+-------+-------+-------+-------+-------+
2026-01-01 22:14:43,447 IRRA.eval INFO: Zero-shot eval: backbone=clip pretrain=ViT-B/16 dataset=CUHK-PEDES split=val
2026-01-01 22:14:54,397 IRRA.eval INFO: 
+------+--------+--------+--------+--------+-------+
| task |   R1   |   R5   |  R10   |  mAP   |  mINP |
+------+--------+--------+--------+--------+-------+
| t2i  | 12.163 | 26.632 | 34.865 | 10.785 | 3.902 |
+------+--------+--------+--------+--------+-------+
2026-01-01 22:23:34,192 IRRA.eval INFO: Zero-shot eval: backbone=t5gemma2 model=T5_270M_Base dataset=CUHK-PEDES split=val
2026-01-01 22:27:54,117 IRRA.eval INFO: 
+------+-------+-------+-------+-------+-------+
| task |   R1  |   R5  |  R10  |  mAP  |  mINP |
+------+-------+-------+-------+-------+-------+
| t2i  | 0.162 | 0.601 | 0.991 | 0.425 | 0.233 |
+------+-------+-------+-------+-------+-------+
2026-01-01 22:28:19,915 IRRA.eval INFO: Zero-shot eval: backbone=t5gemma2 model=T5_270M_Base dataset=CUHK-PEDES split=val
2026-01-01 22:32:41,048 IRRA.eval INFO: 
+------+-------+-------+-------+-------+-------+
| task |   R1  |   R5  |  R10  |  mAP  |  mINP |
+------+-------+-------+-------+-------+-------+
| t2i  | 0.162 | 0.601 | 0.991 | 0.425 | 0.233 |
+------+-------+-------+-------+-------+-------+
2026-01-01 22:35:42,238 IRRA.eval INFO: Zero-shot eval: backbone=t5gemma2 model=T5_270M_Base dataset=CUHK-PEDES split=val
2026-01-01 22:40:28,645 IRRA.eval INFO: 
+------+-------+-------+-------+-------+-------+
| task |   R1  |   R5  |  R10  |  mAP  |  mINP |
+------+-------+-------+-------+-------+-------+
| t2i  | 0.146 | 0.568 | 0.974 | 0.416 | 0.230 |
+------+-------+-------+-------+-------+-------+
